// Jest Snapshot v1, https://goo.gl/fbAQLP

exports[`Parsing content should parse multiple responses 1`] = `
Object {
  "_tag": "Right",
  "right": Object {
    "_tag": "Right",
    "right": Array [
      Object {
        "frequency_in_days": 28,
        "house": "Telliskivi tn 4a",
        "next_visit_day": "2021-07-12T00:00:00.000Z",
        "region": "Pärnu linn, Pärnu, Pärnu maakond",
        "service_type": "olmeprügi",
      },
      Object {
        "frequency_in_days": 28,
        "house": "Telliskivi 22",
        "next_visit_day": "2021-07-09T00:00:00.000Z",
        "region": "Pärnu linn, Pärnu, Pärnu maakond",
        "service_type": "pakendid",
      },
      Object {
        "frequency_in_days": 28,
        "house": "Telliskivi tn 21",
        "next_visit_day": "2021-07-12T00:00:00.000Z",
        "region": "Pärnu linn, Pärnu, Pärnu maakond",
        "service_type": "olmeprügi",
      },
      Object {
        "frequency_in_days": 28,
        "house": "Telliskivi 12",
        "next_visit_day": "2021-07-26T00:00:00.000Z",
        "region": "Pärnu linn, Pärnu, Pärnu maakond",
        "service_type": "olmeprügi",
      },
      Object {
        "frequency_in_days": 28,
        "house": "Telliskivi tn 19",
        "next_visit_day": "2021-07-12T00:00:00.000Z",
        "region": "Pärnu linn, Pärnu, Pärnu maakond",
        "service_type": "olmeprügi",
      },
      Object {
        "frequency_in_days": 28,
        "house": "Telliskivi tn 5a",
        "next_visit_day": "2021-08-02T00:00:00.000Z",
        "region": "Pärnu linn, Pärnu, Pärnu maakond",
        "service_type": "olmeprügi",
      },
      Object {
        "frequency_in_days": 7,
        "house": "Telliskivi tn 24",
        "next_visit_day": "2021-07-08T00:00:00.000Z",
        "region": "Pärnu linn, Pärnu, Pärnu maakond",
        "service_type": "biolagunevad jäätmed",
      },
      Object {
        "frequency_in_days": 7,
        "house": "Telliskivi tn 30",
        "next_visit_day": "2021-07-08T00:00:00.000Z",
        "region": "Pärnu linn, Pärnu, Pärnu maakond",
        "service_type": "biolagunevad jäätmed",
      },
      Object {
        "frequency_in_days": 0,
        "house": "Telliskivi tn 24",
        "next_visit_day": "2021-07-08T00:00:00.000Z",
        "region": "Pärnu linn, Pärnu, Pärnu maakond",
        "service_type": "olmeprügi",
      },
      Object {
        "frequency_in_days": 28,
        "house": "Telliskivi 1",
        "next_visit_day": "2021-07-12T00:00:00.000Z",
        "region": "Pärnu linn, Pärnu, Pärnu maakond",
        "service_type": "olmeprügi",
      },
      Object {
        "frequency_in_days": 14,
        "house": "Telliskivi 11",
        "next_visit_day": "2021-07-12T00:00:00.000Z",
        "region": "Pärnu linn, Pärnu, Pärnu maakond",
        "service_type": "olmeprügi",
      },
      Object {
        "frequency_in_days": 28,
        "house": "Telliskivi 13",
        "next_visit_day": "2021-07-12T00:00:00.000Z",
        "region": "Pärnu linn, Pärnu, Pärnu maakond",
        "service_type": "olmeprügi",
      },
      Object {
        "frequency_in_days": 7,
        "house": "Telliskivi 14",
        "next_visit_day": "2021-07-12T00:00:00.000Z",
        "region": "Pärnu linn, Pärnu, Pärnu maakond",
        "service_type": "olmeprügi",
      },
      Object {
        "frequency_in_days": 28,
        "house": "Telliskivi tn 15",
        "next_visit_day": "2021-07-12T00:00:00.000Z",
        "region": "Pärnu linn, Pärnu, Pärnu maakond",
        "service_type": "olmeprügi",
      },
      Object {
        "frequency_in_days": 28,
        "house": "Telliskivi tn 16",
        "next_visit_day": "2021-07-12T00:00:00.000Z",
        "region": "Pärnu linn, Pärnu, Pärnu maakond",
        "service_type": "olmeprügi",
      },
      Object {
        "frequency_in_days": 28,
        "house": "Telliskivi 8",
        "next_visit_day": "2021-07-12T00:00:00.000Z",
        "region": "Pärnu linn, Pärnu, Pärnu maakond",
        "service_type": "olmeprügi",
      },
      Object {
        "frequency_in_days": 28,
        "house": "Telliskivi tn 17",
        "next_visit_day": "2021-07-12T00:00:00.000Z",
        "region": "Pärnu linn, Pärnu, Pärnu maakond",
        "service_type": "olmeprügi",
      },
      Object {
        "frequency_in_days": 28,
        "house": "Telliskivi tn 18",
        "next_visit_day": "2021-07-12T00:00:00.000Z",
        "region": "Pärnu linn, Pärnu, Pärnu maakond",
        "service_type": "olmeprügi",
      },
      Object {
        "frequency_in_days": 7,
        "house": "Telliskivi 22",
        "next_visit_day": "2021-07-12T00:00:00.000Z",
        "region": "Pärnu linn, Pärnu, Pärnu maakond",
        "service_type": "olmeprügi",
      },
      Object {
        "frequency_in_days": 28,
        "house": "Telliskivi tn 23",
        "next_visit_day": "2021-07-12T00:00:00.000Z",
        "region": "Pärnu linn, Pärnu, Pärnu maakond",
        "service_type": "olmeprügi",
      },
      Object {
        "frequency_in_days": 28,
        "house": "Telliskivi tn 27",
        "next_visit_day": "2021-07-12T00:00:00.000Z",
        "region": "Pärnu linn, Pärnu, Pärnu maakond",
        "service_type": "olmeprügi",
      },
      Object {
        "frequency_in_days": 28,
        "house": "Telliskivi tn 29",
        "next_visit_day": "2021-07-12T00:00:00.000Z",
        "region": "Pärnu linn, Pärnu, Pärnu maakond",
        "service_type": "olmeprügi",
      },
      Object {
        "frequency_in_days": 28,
        "house": "Telliskivi tn 3",
        "next_visit_day": "2021-07-12T00:00:00.000Z",
        "region": "Pärnu linn, Pärnu, Pärnu maakond",
        "service_type": "olmeprügi",
      },
      Object {
        "frequency_in_days": 28,
        "house": "Telliskivi tn 31",
        "next_visit_day": "2021-07-12T00:00:00.000Z",
        "region": "Pärnu linn, Pärnu, Pärnu maakond",
        "service_type": "olmeprügi",
      },
      Object {
        "frequency_in_days": 28,
        "house": "Telliskivi 5",
        "next_visit_day": "2021-07-12T00:00:00.000Z",
        "region": "Pärnu linn, Pärnu, Pärnu maakond",
        "service_type": "olmeprügi",
      },
      Object {
        "frequency_in_days": 28,
        "house": "Telliskivi tn 6",
        "next_visit_day": "2021-07-12T00:00:00.000Z",
        "region": "Pärnu linn, Pärnu, Pärnu maakond",
        "service_type": "olmeprügi",
      },
      Object {
        "frequency_in_days": 28,
        "house": "Telliskivi tn 7",
        "next_visit_day": "2021-07-12T00:00:00.000Z",
        "region": "Pärnu linn, Pärnu, Pärnu maakond",
        "service_type": "olmeprügi",
      },
      Object {
        "frequency_in_days": 28,
        "house": "Telliskivi tn 9",
        "next_visit_day": "2021-07-12T00:00:00.000Z",
        "region": "Pärnu linn, Pärnu, Pärnu maakond",
        "service_type": "olmeprügi",
      },
      Object {
        "frequency_in_days": 28,
        "house": "Telliskivi tn 2",
        "next_visit_day": "2021-07-12T00:00:00.000Z",
        "region": "Pärnu linn, Pärnu, Pärnu maakond",
        "service_type": "olmeprügi",
      },
      Object {
        "frequency_in_days": 28,
        "house": "Telliskivi 25",
        "next_visit_day": "2021-07-12T00:00:00.000Z",
        "region": "Pärnu linn, Pärnu, Pärnu maakond",
        "service_type": "olmeprügi",
      },
      Object {
        "frequency_in_days": 0,
        "house": "Telliskivi 30",
        "next_visit_day": "2021-07-07T00:00:00.000Z",
        "region": "Pärnu linn, Pärnu, Pärnu maakond",
        "service_type": "olmeprügi",
      },
      Object {
        "frequency_in_days": 0,
        "house": "Telliskivi tn 20",
        "next_visit_day": "2021-07-08T00:00:00.000Z",
        "region": "Pärnu linn, Pärnu, Pärnu maakond",
        "service_type": "olmeprügi",
      },
      Object {
        "frequency_in_days": 28,
        "house": "Telliskivi tn 20",
        "next_visit_day": "2021-07-09T00:00:00.000Z",
        "region": "Pärnu linn, Pärnu, Pärnu maakond",
        "service_type": "pakendid",
      },
      Object {
        "frequency_in_days": 28,
        "house": "Telliskivi tn 10",
        "next_visit_day": "2021-07-12T00:00:00.000Z",
        "region": "Pärnu linn, Pärnu, Pärnu maakond",
        "service_type": "olmeprügi",
      },
    ],
  },
}
`;

exports[`Parsing content should parse random response 1`] = `
Object {
  "_tag": "Right",
  "right": Object {
    "_tag": "Right",
    "right": Array [
      Object {
        "frequency_in_days": 28,
        "house": "Terase tn 8",
        "next_visit_day": "2021-07-19T00:00:00.000Z",
        "region": "Rakvere linn, Lääne-Viru maakond",
        "service_type": "olmeprügi",
      },
    ],
  },
}
`;
